-.bash_logout
-.bash_profile.localhost
-.bashrc_local
-.vim/compiler/perl.vim
-.vim/compiler/ruby.vim
-.vim/contrib
-.vim/contrib/keys_ide.vim
-.vim/contrib/plugin/BlockComment.vim
-.vim/contrib/plugin/bufexplorer.vim
-.vim/contrib/templates/cpp_main.cpp
-.vim/contrib/templates/cpp_object.cpp
-.vim/contrib/templates/cpp_object.h
-.vim/contrib/templates/perl_module.pm
-.vim/contrib/templates/perl_object.pm
-.vim/contrib/templates/perl.pl
-.vim/ctags.patch
-.vim/doc/NERD_commenter.txt
-.vim/doc/supertab.txt
-.vim/doc/tags
-.vim/doc/vimspell.txt
-.vim/fkeys_ide.vim
-.vim/fkeys_normal.vim
-.vim/ftplugin
-.vim/ftplugin/html.vim
-.vim/ftplugin/ruby.vim
-.vim/ftplugin/xml.vim
-.vim/functions.vim
-.vim/indent/ruby.vim
-.vim/keys_ide.vim
-.vim/keys_normal.vim
-.vim/macros_csharp.vim
-.vim/macros_perl.vim
-.vim/macros_ruby.vim
-.vim/macros_tex.vim
-.vim/macros.vim
-.vim/plugin/compview.vim
-.vim/plugin/cscope_maps.vim
-.vim/plugin/ctags.vim
-.vim/plugin/FeralToggleCommentify.vim
-.vim/plugin/NERD_commenter.vim
-.vim/plugin/supertab.vim
-.vim/plugin/SuperTab.vim
-.vim/plugins.vim
-.vim/plugin/tagexplorer.vim
-.vim/plugin/vimspell.vim
-.vim/template.pl
-.vim/template.pm
-.zsh.d
-.zsh.d/aliases
-.zsh.d/completion
-.zsh.d/history
-.zsh.d/keys
-.zsh.d/local
-.zsh.d/options
-.zsh.d/prompt
-.zsh.d/ssh
-.zsh.d/svk
-.zsh.d/x
-.zsh_env.localhost
-.zsh/local
-.zsh/svk
