-.config/nvim/Makefile
-.nvim/Makefile
-.nvim/bundle/vundle/LICENSE-MIT.txt
-.nvim/bundle/vundle/README.md
-.nvim/bundle/vundle/autoload/vundle.vim
-.nvim/bundle/vundle/autoload/vundle/config.vim
-.nvim/bundle/vundle/autoload/vundle/installer.vim
-.nvim/bundle/vundle/autoload/vundle/scripts.vim
-.nvim/bundle/vundle/changelog.md
-.nvim/config/filetype_csharp.vim
-.nvim/config/filetype_perl.vim
-.nvim/config/filetype_ruby.vim
-.nvim/config/filetype_tex.vim
-.nvim/config/keys_normal.vim
-.nvim/config/plugins.vim
-.nvim/config/spelling.vim
-.nvim/config/statusline.vim
-.nvim/config/vundle.vim
-.nvim/configs/filetype_perl.vim
-.nvim/configs/filetype_ruby.vim
-.nvim/configs/filetype_tex.vim
-.nvim/filetype.vim
-.nvim/syntax/ragel.vim
-.nvim/tmp
-.nvimrc
-.vim/Makefile
-.vim/backups
-.vim/bundle/vundle/LICENSE-MIT.txt
-.vim/bundle/vundle/README.md
-.vim/bundle/vundle/autoload/vundle.vim
-.vim/bundle/vundle/autoload/vundle/config.vim
-.vim/bundle/vundle/autoload/vundle/installer.vim
-.vim/bundle/vundle/autoload/vundle/scripts.vim
-.vim/bundle/vundle/doc/vundle.txt
-.vim/config/filetype_csharp.vim
-.vim/config/filetype_perl.vim
-.vim/config/filetype_ruby.vim
-.vim/config/filetype_tex.vim
-.vim/config/functions.vim
-.vim/config/keys.vim
-.vim/config/keys_normal.vim
-.vim/config/plugins.vim
-.vim/config/spelling.vim
-.vim/config/statusline.vim
-.vim/config/vundle.vim
-.vim/filetype.vim
-.vim/syntax/ragel.vim
-.vim/tmp
-.vimrc
-.zsh/aliases
-.zsh/completion
-.zsh/help
-.zsh/history
-.zsh/keys
-.zsh/locale
-.zsh/options
-.zsh/plugin_loader
-.zsh/prompt
-.zsh/ssh
-.zsh/x
.alias
.bash_profile
.bashrc
.config/git/gitk
.config/nvim/config/filetype_csharp.vim
.config/nvim/config/filetype_perl.vim
.config/nvim/config/filetype_ruby.vim
.config/nvim/config/filetype_tex.vim
.config/nvim/filetype.vim
.config/nvim/init.vim
.config/nvim/syntax/ragel.vim
.env
.gitconfig
.inputrc
.lftp/rc
.profile
.tmux.conf
.zkbd/linux-pc-linux-gnu
.zkbd/linux-unknown-linux-gnu
.zkbd/rxvt-pc-linux-gnu
.zkbd/screen-bce-unknown-linux-gnu
.zkbd/screen-pc-linux-gnu
.zkbd/screen-unknown-linux-gnu
.zkbd/xterm-pc-linux-gnu
.zkbd/xterm-portbld-freebsd9.0
.zkbd/xterm-unknown-linux-gnu
.zlogin
.zsh/.zshenv
.zsh/aliases.zsh
.zsh/completion.zsh
.zsh/ext.zsh
.zsh/func/_rake
.zsh/func/load_zshd
.zsh/func/patchInfo
.zsh/help.zsh
.zsh/history.zsh
.zsh/keys.zsh
.zsh/locale.zsh
.zsh/options.zsh
.zsh/plugins/autosuggestions.zsh
.zsh/plugins/zsh-syntax-highlighting.zsh
.zsh/prompt.zsh
.zsh/ssh.zsh
.zsh/x.zsh
.zshenv
.zshrc
bin/log.view
bin/show_users_crontab.pl
bin/whichdeb
