.alias
.aliases
.bash_profile
.bashrc
bin/log.view
bin/show_users_crontab.pl
bin/whichdeb
.config/awesome/default/theme.lua
.config/awesome/rc.lua
.env
.gdbinit
.gitconfig
.inputrc
.lftp/rc
.profile
.screenrc
.tmux.conf
.vim/backups
.vim/bundle/vundle/autoload/vundle/config.vim
.vim/bundle/vundle/autoload/vundle/installer.vim
.vim/bundle/vundle/autoload/vundle/scripts.vim
.vim/bundle/vundle/autoload/vundle.vim
.vim/bundle/vundle/doc/vundle.txt
.vim/bundle/vundle/LICENSE-MIT.txt
.vim/bundle/vundle/README.md
.vim/compiler/ruby.vim
.vim/config/filetype_csharp.vim
.vim/config/filetype_perl.vim
.vim/config/filetype_ruby.vim
.vim/config/filetype_tex.vim
.vim/config/functions.vim
.vim/config/keys_normal.vim
.vim/config/macros.vim
.vim/config/plugins.vim
.vim/config/spelling.vim
.vim/config/statusline.vim
.vim/config/vundle.vim
.vim/doc/IndentAnything.txt
.vim/doc/taglist.txt
.vim/doc/xml-plugin.txt
.vim/filetype.vim
.vim/indent/IndentAnything_html.vim
.vim/indent/javascript.vim
.vim/indent/prolog.vim
.vim/indent/ruby.vim
.vim/indent/tex.vim
.vim/Makefile
.vim/plugin/bufgrep.vim
.vim/plugin/fuzzyfinder_textmate.vim
.vim/plugin/fuzzyfinder.vim
.vim/plugin/IndentAnything.vim
.vim/plugin/info.vim
.vim/plugin/minibufexpl.vim
.vim/plugin/taglist.vim
.vim/plugin/toansi.vim
.vimrc
.vim/ruby
.vim/ruby/fuzzy_file_finder.rb
.vim/syntax/2ansi.vim
.vim/syntax/2tex.vim
.vim/syntax/cs.vim
.vim/syntax/dtd.vim
.vim/syntax/pdf.vim
.vim/syntax/pod.vim
.vim/syntax/ragel.vim
.vim/syntax/SVNAnnotate.vim
.vim/syntax/Wikipedia.vim
.vim/syntax/xml.vim
.vim/tmp
.zkbd/linux-pc-linux-gnu
.zkbd/linux-unknown-linux-gnu
.zkbd/rxvt-pc-linux-gnu
.zkbd/screen-pc-linux-gnu
.zkbd/xterm-pc-linux-gnu
.zkbd/xterm-portbld-freebsd9.0
.zkbd/xterm-unknown-linux-gnu
.zsh/aliases
.zsh/completion
.zshenv
.zsh/func/load_zshd
.zsh/func/patchInfo
.zsh/help
.zsh/history
.zsh/keys
.zsh/locale
.zsh/options
.zsh/prompt
.zshrc
.zsh/x
.zsh/.zshenv
