.alias
.aliases
.bash_profile
.bashrc
bin/log.view
bin/show_users_crontab.pl
bin/whichdeb
.env
.gitconfig
.inputrc
.lftp/rc
.profile
.tmux.conf
-.vim/backups
.vim/bundle/vundle/autoload/vundle/config.vim
.vim/bundle/vundle/autoload/vundle/installer.vim
.vim/bundle/vundle/autoload/vundle/scripts.vim
.vim/bundle/vundle/autoload/vundle.vim
.vim/bundle/vundle/doc/vundle.txt
.vim/bundle/vundle/LICENSE-MIT.txt
.vim/bundle/vundle/README.md
.vim/config/filetype_csharp.vim
.vim/config/filetype_perl.vim
.vim/config/filetype_ruby.vim
.vim/config/filetype_tex.vim
-.vim/config/functions.vim
.vim/config/keys_normal.vim
.vim/config/plugins.vim
.vim/config/spelling.vim
.vim/config/statusline.vim
.vim/config/vundle.vim
.vim/filetype.vim
.vim/Makefile
.vimrc
.vim/syntax/ragel.vim
.vim/tmp
.zkbd/linux-pc-linux-gnu
.zkbd/linux-unknown-linux-gnu
.zkbd/rxvt-pc-linux-gnu
.zkbd/screen-bce-unknown-linux-gnu
.zkbd/screen-pc-linux-gnu
.zkbd/screen-unknown-linux-gnu
.zkbd/xterm-pc-linux-gnu
.zkbd/xterm-portbld-freebsd9.0
.zkbd/xterm-unknown-linux-gnu
.zsh/aliases
.zsh/completion
.zshenv
.zsh/func/load_zshd
.zsh/func/patchInfo
.zsh/help
.zsh/history
.zsh/keys
.zsh/locale
.zsh/options
.zsh/prompt
.zsh/ssh
.zshrc
.zsh/x
.zsh/.zshenv
.config/git/gitk
.nvimrc
.nvim/config/filetype_ruby.vim
.nvim/config/spelling.vim
.nvim/config/plugins.vim
.nvim/config/vundle.vim
.nvim/config/statusline.vim
.nvim/config/keys_normal.vim
.nvim/config/filetype_csharp.vim
.nvim/config/filetype_tex.vim
.nvim/config/filetype_perl.vim
.nvim/filetype.vim
.nvim/bundle/vundle/changelog.md
.nvim/bundle/vundle/autoload/vundle.vim
.nvim/bundle/vundle/autoload/vundle/installer.vim
.nvim/bundle/vundle/autoload/vundle/config.vim
.nvim/bundle/vundle/autoload/vundle/scripts.vim
.nvim/bundle/vundle/README.md
.nvim/bundle/vundle/LICENSE-MIT.txt
.nvim/syntax/ragel.vim
.nvim/Makefile
.nvim/tmp

