-.vim/config/functions.vim
.alias
.aliases
.bash_profile
.bashrc
.env
.gitconfig
.inputrc
.profile
.tmux.airline.conf
.tmux.conf
.tmux.xterm-screen
.vim/Makefile
.vim/backups
.vim/bundle/vundle/LICENSE-MIT.txt
.vim/bundle/vundle/README.md
.vim/bundle/vundle/autoload/vundle.vim
.vim/bundle/vundle/autoload/vundle/config.vim
.vim/bundle/vundle/autoload/vundle/installer.vim
.vim/bundle/vundle/autoload/vundle/scripts.vim
.vim/bundle/vundle/doc/vundle.txt
.vim/config/filetype_perl.vim
.vim/config/filetype_ruby.vim
.vim/config/keys_normal.vim
.vim/config/plugins.vim
.vim/config/spelling.vim
.vim/config/statusline.vim
.vim/config/vundle.vim
.vim/filetype.vim
.vim/indent/javascript.vim
.vim/syntax/pdf.vim
.vim/tmp
.vimrc
.zkbd/linux-pc-linux-gnu
.zkbd/linux-unknown-linux-gnu
.zkbd/rxvt-pc-linux-gnu
.zkbd/rxvt-unicode-256color-pc-linux-gnu
.zkbd/screen-bce-unknown-linux-gnu
.zkbd/screen-pc-linux-gnu
.zkbd/screen-unknown-linux-gnu
.zkbd/xterm-256color-pc-linux-gnu
.zkbd/xterm-256color-unknown-linux-gnu
.zkbd/xterm-pc-linux-gnu
.zkbd/xterm-portbld-freebsd9.0
.zkbd/xterm-screen-256color-pc-linux-gnu
.zkbd/xterm-screen-256color-unknown-linux-gnu
.zkbd/xterm-unknown-linux-gnu
.zsh/.zshenv
.zsh/aliases
.zsh/completion
.zsh/func/load_zshd
.zsh/help
.zsh/history
.zsh/keys
.zsh/locale
.zsh/options
.zsh/prompt
.zsh/x
.zshenv
.zshrc
